// Jest Snapshot v1, https://goo.gl/fbAQLP

exports[`Tests \`StyledArtistsFilterBox\`  Matches snapshot  1`] = `
.c0 {
  display: grid;
  grid-template-columns: 3fr 4fr 7fr;
  grid-gap: 30px;
  margin-bottom: 30px;
  min-width: 0;
  min-height: 0;
}

@media (max-width:1100px) {
  .c0 {
    grid-template-columns: 3fr 4fr 4fr;
  }
}

@media (max-width:880px) {
  .c0 {
    grid-template-columns: 1fr 1fr;
  }
}

@media (max-width:600px) {
  .c0 {
    grid-template-columns: 1fr;
  }
}

<section
  className="c0"
/>
`;

exports[`Tests \`StyledLogSpotifyLink\`  Matches snapshot  1`] = `
.c0 {
  display: -webkit-box;
  display: -webkit-flex;
  display: -ms-flexbox;
  display: flex;
  -webkit-box-pack: center;
  -webkit-justify-content: center;
  -ms-flex-pack: center;
  justify-content: center;
  -webkit-align-items: center;
  -webkit-box-align: center;
  -ms-flex-align: center;
  align-items: center;
  border-radius: 5px;
  -webkit-text-decoration: none;
  text-decoration: none;
  width: 50%;
  margin: 0 auto;
  padding: 10px 20px;
  min-width: 0;
  background-color: #1db954;
  color: #212121;
}

.c0:hover {
  color: #212121;
  -webkit-text-decoration: none;
  text-decoration: none;
}

@media (max-width:1100px) {
  .c0 {
    width: 80%;
  }
}

@media (max-width:880px) {
  .c0 {
    width: 85%;
  }
}

<a
  className="c0"
/>
`;
